Archive member included to satisfy reference by file (symbol)

/home/frank/st/stm32cubeide_1.18.1/plugins/com.st.stm32cube.ide.mcu.externaltools.gnu-tools-for-stm32.13.3.rel1.linux64_1.0.0.202410170706/tools/bin/../lib/gcc/arm-none-eabi/13.3.1/../../../../arm-none-eabi/lib/thumb/v6-m/nofp/libc_nano.a(libc_a-exit.o)
                              /home/frank/st/stm32cubeide_1.18.1/plugins/com.st.stm32cube.ide.mcu.externaltools.gnu-tools-for-stm32.13.3.rel1.linux64_1.0.0.202410170706/tools/bin/../lib/gcc/arm-none-eabi/13.3.1/../../../../arm-none-eabi/lib/thumb/v6-m/nofp/crt0.o (exit)
/home/frank/st/stm32cubeide_1.18.1/plugins/com.st.stm32cube.ide.mcu.externaltools.gnu-tools-for-stm32.13.3.rel1.linux64_1.0.0.202410170706/tools/bin/../lib/gcc/arm-none-eabi/13.3.1/../../../../arm-none-eabi/lib/thumb/v6-m/nofp/libc_nano.a(libc_a-findfp.o)
                              /home/frank/st/stm32cubeide_1.18.1/plugins/com.st.stm32cube.ide.mcu.externaltools.gnu-tools-for-stm32.13.3.rel1.linux64_1.0.0.202410170706/tools/bin/../lib/gcc/arm-none-eabi/13.3.1/../../../../arm-none-eabi/lib/thumb/v6-m/nofp/libc_nano.a(libc_a-exit.o) (__stdio_exit_handler)
/home/frank/st/stm32cubeide_1.18.1/plugins/com.st.stm32cube.ide.mcu.externaltools.gnu-tools-for-stm32.13.3.rel1.linux64_1.0.0.202410170706/tools/bin/../lib/gcc/arm-none-eabi/13.3.1/../../../../arm-none-eabi/lib/thumb/v6-m/nofp/libc_nano.a(libc_a-fwalk.o)
                              /home/frank/st/stm32cubeide_1.18.1/plugins/com.st.stm32cube.ide.mcu.externaltools.gnu-tools-for-stm32.13.3.rel1.linux64_1.0.0.202410170706/tools/bin/../lib/gcc/arm-none-eabi/13.3.1/../../../../arm-none-eabi/lib/thumb/v6-m/nofp/libc_nano.a(libc_a-findfp.o) (_fwalk_sglue)
/home/frank/st/stm32cubeide_1.18.1/plugins/com.st.stm32cube.ide.mcu.externaltools.gnu-tools-for-stm32.13.3.rel1.linux64_1.0.0.202410170706/tools/bin/../lib/gcc/arm-none-eabi/13.3.1/../../../../arm-none-eabi/lib/thumb/v6-m/nofp/libc_nano.a(libc_a-stdio.o)
                              /home/frank/st/stm32cubeide_1.18.1/plugins/com.st.stm32cube.ide.mcu.externaltools.gnu-tools-for-stm32.13.3.rel1.linux64_1.0.0.202410170706/tools/bin/../lib/gcc/arm-none-eabi/13.3.1/../../../../arm-none-eabi/lib/thumb/v6-m/nofp/libc_nano.a(libc_a-findfp.o) (__sread)
/home/frank/st/stm32cubeide_1.18.1/plugins/com.st.stm32cube.ide.mcu.externaltools.gnu-tools-for-stm32.13.3.rel1.linux64_1.0.0.202410170706/tools/bin/../lib/gcc/arm-none-eabi/13.3.1/../../../../arm-none-eabi/lib/thumb/v6-m/nofp/libc_nano.a(libc_a-memset.o)
                              /home/frank/st/stm32cubeide_1.18.1/plugins/com.st.stm32cube.ide.mcu.externaltools.gnu-tools-for-stm32.13.3.rel1.linux64_1.0.0.202410170706/tools/bin/../lib/gcc/arm-none-eabi/13.3.1/../../../../arm-none-eabi/lib/thumb/v6-m/nofp/crt0.o (memset)
/home/frank/st/stm32cubeide_1.18.1/plugins/com.st.stm32cube.ide.mcu.externaltools.gnu-tools-for-stm32.13.3.rel1.linux64_1.0.0.202410170706/tools/bin/../lib/gcc/arm-none-eabi/13.3.1/../../../../arm-none-eabi/lib/thumb/v6-m/nofp/libc_nano.a(libc_a-strstr.o)
                              ./Core/Src/main.o (strstr)
/home/frank/st/stm32cubeide_1.18.1/plugins/com.st.stm32cube.ide.mcu.externaltools.gnu-tools-for-stm32.13.3.rel1.linux64_1.0.0.202410170706/tools/bin/../lib/gcc/arm-none-eabi/13.3.1/../../../../arm-none-eabi/lib/thumb/v6-m/nofp/libc_nano.a(libc_a-closer.o)
                              /home/frank/st/stm32cubeide_1.18.1/plugins/com.st.stm32cube.ide.mcu.externaltools.gnu-tools-for-stm32.13.3.rel1.linux64_1.0.0.202410170706/tools/bin/../lib/gcc/arm-none-eabi/13.3.1/../../../../arm-none-eabi/lib/thumb/v6-m/nofp/libc_nano.a(libc_a-stdio.o) (_close_r)
/home/frank/st/stm32cubeide_1.18.1/plugins/com.st.stm32cube.ide.mcu.externaltools.gnu-tools-for-stm32.13.3.rel1.linux64_1.0.0.202410170706/tools/bin/../lib/gcc/arm-none-eabi/13.3.1/../../../../arm-none-eabi/lib/thumb/v6-m/nofp/libc_nano.a(libc_a-reent.o)
                              /home/frank/st/stm32cubeide_1.18.1/plugins/com.st.stm32cube.ide.mcu.externaltools.gnu-tools-for-stm32.13.3.rel1.linux64_1.0.0.202410170706/tools/bin/../lib/gcc/arm-none-eabi/13.3.1/../../../../arm-none-eabi/lib/thumb/v6-m/nofp/libc_nano.a(libc_a-closer.o) (errno)
/home/frank/st/stm32cubeide_1.18.1/plugins/com.st.stm32cube.ide.mcu.externaltools.gnu-tools-for-stm32.13.3.rel1.linux64_1.0.0.202410170706/tools/bin/../lib/gcc/arm-none-eabi/13.3.1/../../../../arm-none-eabi/lib/thumb/v6-m/nofp/libc_nano.a(libc_a-impure.o)
                              /home/frank/st/stm32cubeide_1.18.1/plugins/com.st.stm32cube.ide.mcu.externaltools.gnu-tools-for-stm32.13.3.rel1.linux64_1.0.0.202410170706/tools/bin/../lib/gcc/arm-none-eabi/13.3.1/../../../../arm-none-eabi/lib/thumb/v6-m/nofp/libc_nano.a(libc_a-reent.o) (_impure_ptr)
[...]
Memory Configuration

Name             Origin             Length             Attributes
RAM              0x20000000         0x00001800         xrw
FLASH            0x08000000         0x00008000         xr
*default*        0x00000000         0xffffffff

Linker script and memory map

LOAD /home/frank/st/stm32cubeide_1.18.1/plugins/com.st.stm32cube.ide.mcu.externaltools.gnu-tools-for-stm32.13.3.rel1.linux64_1.0.0.202410170706/tools/bin/../lib/gcc/arm-none-eabi/13.3.1/thumb/v6-m/nofp/crti.o
LOAD /home/frank/st/stm32cubeide_1.18.1/plugins/com.st.stm32cube.ide.mcu.externaltools.gnu-tools-for-stm32.13.3.rel1.linux64_1.0.0.202410170706/tools/bin/../lib/gcc/arm-none-eabi/13.3.1/thumb/v6-m/nofp/crtbegin.o
LOAD /home/frank/st/stm32cubeide_1.18.1/plugins/com.st.stm32cube.ide.mcu.externaltools.gnu-tools-for-stm32.13.3.rel1.linux64_1.0.0.202410170706/tools/bin/../lib/gcc/arm-none-eabi/13.3.1/../../../../arm-none-eabi/lib/thumb/v6-m/nofp/crt0.o
LOAD ./Core/Src/gpio.o
LOAD ./Core/Src/linear_actuator_12vdc.o
LOAD ./Core/Src/main.o
LOAD ./Core/Src/nrf24l01p.o
LOAD ./Core/Src/spi.o
LOAD ./Core/Src/stm32f0xx_hal_msp.o
LOAD ./Core/Src/stm32f0xx_it.o
LOAD ./Core/Src/syscalls.o
LOAD ./Core/Src/sysmem.o
LOAD ./Core/Src/system_stm32f0xx.o
LOAD ./Core/Startup/startup_stm32f042k6tx.o
LOAD ./Drivers/STM32F0xx_HAL_Driver/Src/stm32f0xx_hal.o
LOAD ./Drivers/STM32F0xx_HAL_Driver/Src/stm32f0xx_hal_cortex.o
LOAD ./Drivers/STM32F0xx_HAL_Driver/Src/stm32f0xx_hal_dma.o
LOAD ./Drivers/STM32F0xx_HAL_Driver/Src/stm32f0xx_hal_exti.o
LOAD ./Drivers/STM32F0xx_HAL_Driver/Src/stm32f0xx_hal_flash.o
LOAD ./Drivers/STM32F0xx_HAL_Driver/Src/stm32f0xx_hal_flash_ex.o
LOAD ./Drivers/STM32F0xx_HAL_Driver/Src/stm32f0xx_hal_gpio.o
LOAD ./Drivers/STM32F0xx_HAL_Driver/Src/stm32f0xx_hal_i2c.o
LOAD ./Drivers/STM32F0xx_HAL_Driver/Src/stm32f0xx_hal_i2c_ex.o
LOAD ./Drivers/STM32F0xx_HAL_Driver/Src/stm32f0xx_hal_pwr.o
LOAD ./Drivers/STM32F0xx_HAL_Driver/Src/stm32f0xx_hal_pwr_ex.o
LOAD ./Drivers/STM32F0xx_HAL_Driver/Src/stm32f0xx_hal_rcc.o
LOAD ./Drivers/STM32F0xx_HAL_Driver/Src/stm32f0xx_hal_rcc_ex.o
LOAD ./Drivers/STM32F0xx_HAL_Driver/Src/stm32f0xx_hal_spi.o
LOAD ./Drivers/STM32F0xx_HAL_Driver/Src/stm32f0xx_hal_spi_ex.o
START GROUP
LOAD /home/frank/st/stm32cubeide_1.18.1/plugins/com.st.stm32cube.ide.mcu.externaltools.gnu-tools-for-stm32.13.3.rel1.linux64_1.0.0.202410170706/tools/bin/../lib/gcc/arm-none-eabi/13.3.1/../../../../arm-none-eabi/lib/thumb/v6-m/nofp/libc_nano.a
LOAD /home/frank/st/stm32cubeide_1.18.1/plugins/com.st.stm32cube.ide.mcu.externaltools.gnu-tools-for-stm32.13.3.rel1.linux64_1.0.0.202410170706/tools/bin/../lib/gcc/arm-none-eabi/13.3.1/../../../../arm-none-eabi/lib/thumb/v6-m/nofp/libm.a
END GROUP
START GROUP
LOAD /home/frank/st/stm32cubeide_1.18.1/plugins/com.st.stm32cube.ide.mcu.externaltools.gnu-tools-for-stm32.13.3.rel1.linux64_1.0.0.202410170706/tools/bin/../lib/gcc/arm-none-eabi/13.3.1/thumb/v6-m/nofp/libgcc.a
LOAD /home/frank/st/stm32cubeide_1.18.1/plugins/com.st.stm32cube.ide.mcu.externaltools.gnu-tools-for-stm32.13.3.rel1.linux64_1.0.0.202410170706/tools/bin/../lib/gcc/arm-none-eabi/13.3.1/../../../../arm-none-eabi/lib/thumb/v6-m/nofp/libc_nano.a
END GROUP
START GROUP
LOAD /home/frank/st/stm32cubeide_1.18.1/plugins/com.st.stm32cube.ide.mcu.externaltools.gnu-tools-for-stm32.13.3.rel1.linux64_1.0.0.202410170706/tools/bin/../lib/gcc/arm-none-eabi/13.3.1/thumb/v6-m/nofp/libgcc.a
LOAD /home/frank/st/stm32cubeide_1.18.1/plugins/com.st.stm32cube.ide.mcu.externaltools.gnu-tools-for-stm32.13.3.rel1.linux64_1.0.0.202410170706/tools/bin/../lib/gcc/arm-none-eabi/13.3.1/../../../../arm-none-eabi/lib/thumb/v6-m/nofp/libc_nano.a
LOAD /home/frank/st/stm32cubeide_1.18.1/plugins/com.st.stm32cube.ide.mcu.externaltools.gnu-tools-for-stm32.13.3.rel1.linux64_1.0.0.202410170706/tools/bin/../lib/gcc/arm-none-eabi/13.3.1/../../../../arm-none-eabi/lib/thumb/v6-m/nofp/libnosys.a
END GROUP
START GROUP
LOAD /home/frank/st/stm32cubeide_1.18.1/plugins/com.st.stm32cube.ide.mcu.externaltools.gnu-tools-for-stm32.13.3.rel1.linux64_1.0.0.202410170706/tools/bin/../lib/gcc/arm-none-eabi/13.3.1/thumb/v6-m/nofp/libgcc.a
LOAD /home/frank/st/stm32cubeide_1.18.1/plugins/com.st.stm32cube.ide.mcu.externaltools.gnu-tools-for-stm32.13.3.rel1.linux64_1.0.0.202410170706/tools/bin/../lib/gcc/arm-none-eabi/13.3.1/../../../../arm-none-eabi/lib/thumb/v6-m/nofp/libc_nano.a
LOAD /home/frank/st/stm32cubeide_1.18.1/plugins/com.st.stm32cube.ide.mcu.externaltools.gnu-tools-for-stm32.13.3.rel1.linux64_1.0.0.202410170706/tools/bin/../lib/gcc/arm-none-eabi/13.3.1/../../../../arm-none-eabi/lib/thumb/v6-m/nofp/libnosys.a
END GROUP
LOAD /home/frank/st/stm32cubeide_1.18.1/plugins/com.st.stm32cube.ide.mcu.externaltools.gnu-tools-for-stm32.13.3.rel1.linux64_1.0.0.202410170706/tools/bin/../lib/gcc/arm-none-eabi/13.3.1/thumb/v6-m/nofp/crtend.o
LOAD /home/frank/st/stm32cubeide_1.18.1/plugins/com.st.stm32cube.ide.mcu.externaltools.gnu-tools-for-stm32.13.3.rel1.linux64_1.0.0.202410170706/tools/bin/../lib/gcc/arm-none-eabi/13.3.1/thumb/v6-m/nofp/crtn.o
                0x20001800                        _estack = (ORIGIN (RAM) + LENGTH (RAM))
                0x00000200                        _Min_Heap_Size = 0x200
                0x00000400                        _Min_Stack_Size = 0x400

.isr_vector     0x08000000       0xc0
                0x08000000                        . = ALIGN (0x4)
 *(.isr_vector)
 .isr_vector    0x08000000       0xc0 ./Core/Startup/startup_stm32f042k6tx.o
                0x08000000                g_pfnVectors
                0x080000c0                        . = ALIGN (0x4)

.text           0x080000c0     0x2ca0
                0x080000c0                        . = ALIGN (0x4)
 *(.text)
 .text          0x080000c0       0x48 /home/frank/st/stm32cubeide_1.18.1/plugins/com.st.stm32cube.ide.mcu.externaltools.gnu-tools-for-stm32.13.3.rel1.linux64_1.0.0.202410170706/tools/bin/../lib/gcc/arm-none-eabi/13.3.1/thumb/v6-m/nofp/crtbegin.o
 .text          0x08000108      0x114 /home/frank/st/stm32cubeide_1.18.1/plugins/com.st.stm32cube.ide.mcu.externaltools.gnu-tools-for-stm32.13.3.rel1.linux64_1.0.0.202410170706/tools/bin/../lib/gcc/arm-none-eabi/13.3.1/thumb/v6-m/nofp/libgcc.a(_udivsi3.o)
                0x08000108                __udivsi3
                0x08000108                __aeabi_uidiv
                0x08000214                __aeabi_uidivmod
 .text          0x0800021c        0x4 /home/frank/st/stm32cubeide_1.18.1/plugins/com.st.stm32cube.ide.mcu.externaltools.gnu-tools-for-stm32.13.3.rel1.linux64_1.0.0.202410170706/tools/bin/../lib/gcc/arm-none-eabi/13.3.1/thumb/v6-m/nofp/libgcc.a(_dvmd_tls.o)
                0x0800021c                __aeabi_ldiv0
                0x0800021c                __aeabi_idiv0
 *(.text*)
 .text.MX_GPIO_Init
                0x08000220      0x114 ./Core/Src/gpio.o
                0x08000220                MX_GPIO_Init
 .text.Move_Forward
                0x08000334       0x42 ./Core/Src/linear_actuator_12vdc.o
                0x08000334                Move_Forward
 .text.Move_Backward
                0x08000376       0x42 ./Core/Src/linear_actuator_12vdc.o
                0x08000376                Move_Backward
 .text.Stop_Motor
                0x080003b8       0x42 ./Core/Src/linear_actuator_12vdc.o
                0x080003b8                Stop_Motor
 *fill*         0x080003fa        0x2 
 .text.Receiver_Interrupt
                0x080003fc       0x90 ./Core/Src/main.o
                0x080003fc                Receiver_Interrupt
 .text.HAL_GPIO_EXTI_Callback
                0x0800048c       0x20 ./Core/Src/main.o
                0x0800048c                HAL_GPIO_EXTI_Callback
 .text.Open_Coop_Door
                0x080004ac       0x24 ./Core/Src/main.o
                0x080004ac                Open_Coop_Door
 .text.Close_Coop_Door
                0x080004d0       0x24 ./Core/Src/main.o
                0x080004d0                Close_Coop_Door
 .text.main     0x080004f4       0xb0 ./Core/Src/main.o
                0x080004f4                main
 .text.SystemClock_Config
                0x080005a4       0x8e ./Core/Src/main.o
                0x080005a4                SystemClock_Config
 .text.Error_Handler
                0x08000632        0xc ./Core/Src/main.o
                0x08000632                Error_Handler
 *fill*         0x0800063e        0x2 
 .text.cs_high  0x08000640       0x1c ./Core/Src/nrf24l01p.o
 .text.cs_low   0x0800065c       0x1c ./Core/Src/nrf24l01p.o
 .text.ce_high  0x08000678       0x1c ./Core/Src/nrf24l01p.o
 .text.ce_low   0x08000694       0x1c ./Core/Src/nrf24l01p.o
 .text.read_register
                0x080006b0       0x54 ./Core/Src/nrf24l01p.o
 .text.write_register
                0x08000704       0x68 ./Core/Src/nrf24l01p.o
 .text.nrf24l01p_rx_init
                0x0800076c       0x62 ./Core/Src/nrf24l01p.o
                0x0800076c                nrf24l01p_rx_init
 *fill*         0x080007ce        0x2 
 .text.nrf24l01p_rx_receive
                0x080007d0       0x30 ./Core/Src/nrf24l01p.o
                0x080007d0                nrf24l01p_rx_receive
 .text.nrf24l01p_reset
                0x08000800       0xaa ./Core/Src/nrf24l01p.o
                0x08000800                nrf24l01p_reset
 .text.nrf24l01p_prx_mode
                0x080008aa       0x32 ./Core/Src/nrf24l01p.o
                0x080008aa                nrf24l01p_prx_mode
 .text.nrf24l01p_read_rx_fifo
                0x080008dc       0x4c ./Core/Src/nrf24l01p.o
                0x080008dc                nrf24l01p_read_rx_fifo
 .text.nrf24l01p_flush_rx_fifo
                0x08000928       0x34 ./Core/Src/nrf24l01p.o
                0x08000928                nrf24l01p_flush_rx_fifo
 .text.nrf24l01p_flush_tx_fifo
                0x0800095c       0x34 ./Core/Src/nrf24l01p.o
                0x0800095c                nrf24l01p_flush_tx_fifo
 .text.nrf24l01p_get_status
                0x08000990       0x38 ./Core/Src/nrf24l01p.o
                0x08000990                nrf24l01p_get_status
 .text.nrf24l01p_rx_set_payload_widths
                0x080009c8       0x20 ./Core/Src/nrf24l01p.o
                0x080009c8                nrf24l01p_rx_set_payload_widths
 .text.nrf24l01p_clear_rx_dr
                0x080009e8       0x30 ./Core/Src/nrf24l01p.o
                0x080009e8                nrf24l01p_clear_rx_dr
 .text.nrf24l01p_power_up
                0x08000a18       0x32 ./Core/Src/nrf24l01p.o
                0x08000a18                nrf24l01p_power_up
 .text.nrf24l01p_set_crc_length
                0x08000a4a       0x5e ./Core/Src/nrf24l01p.o
                0x08000a4a                nrf24l01p_set_crc_length
 .text.nrf24l01p_set_address_widths
                0x08000aa8       0x24 ./Core/Src/nrf24l01p.o
                0x08000aa8                nrf24l01p_set_address_widths
 .text.nrf24l01p_auto_retransmit_count
                0x08000acc       0x4c ./Core/Src/nrf24l01p.o
                0x08000acc                nrf24l01p_auto_retransmit_count
 .text.nrf24l01p_auto_retransmit_delay
                0x08000b18       0x62 ./Core/Src/nrf24l01p.o
                0x08000b18                nrf24l01p_auto_retransmit_delay
 *fill*         0x08000b7a        0x2 
 .text.nrf24l01p_set_rf_channel
                0x08000b7c       0x38 ./Core/Src/nrf24l01p.o
                0x08000b7c                nrf24l01p_set_rf_channel
 .text.nrf24l01p_set_rf_tx_output_power
                0x08000bb4       0x4e ./Core/Src/nrf24l01p.o
                0x08000bb4                nrf24l01p_set_rf_tx_output_power
 .text.nrf24l01p_set_rf_air_data_rate
                0x08000c02       0x6a ./Core/Src/nrf24l01p.o
                0x08000c02                nrf24l01p_set_rf_air_data_rate
 .text.MX_SPI1_Init
                0x08000c6c       0x7c ./Core/Src/spi.o
                0x08000c6c                MX_SPI1_Init
 .text.HAL_SPI_MspInit
                0x08000ce8       0x9c ./Core/Src/spi.o
                0x08000ce8                HAL_SPI_MspInit
 .text.HAL_MspInit
                0x08000d84       0x48 ./Core/Src/stm32f0xx_hal_msp.o
                0x08000d84                HAL_MspInit
 .text.NMI_Handler
                0x08000dcc        0x8 ./Core/Src/stm32f0xx_it.o
                0x08000dcc                NMI_Handler
 .text.HardFault_Handler
                0x08000dd4        0x8 ./Core/Src/stm32f0xx_it.o
                0x08000dd4                HardFault_Handler
 .text.SVC_Handler
                0x08000ddc        0xa ./Core/Src/stm32f0xx_it.o
                0x08000ddc                SVC_Handler
 .text.PendSV_Handler
                0x08000de6        0xa ./Core/Src/stm32f0xx_it.o
                0x08000de6                PendSV_Handler
 .text.SysTick_Handler
                0x08000df0        0xe ./Core/Src/stm32f0xx_it.o
                0x08000df0                SysTick_Handler
 .text.EXTI0_1_IRQHandler
                0x08000dfe       0x10 ./Core/Src/stm32f0xx_it.o
                0x08000dfe                EXTI0_1_IRQHandler
 .text.SystemInit
                0x08000e0e        0xa ./Core/Src/system_stm32f0xx.o
                0x08000e0e                SystemInit
 .text.Reset_Handler
                0x08000e18       0x80 ./Core/Startup/startup_stm32f042k6tx.o
                0x08000e18                Reset_Handler
 .text.Default_Handler
                0x08000e98        0x2 ./Core/Startup/startup_stm32f042k6tx.o
                0x08000e98                TIM1_CC_IRQHandler
                0x08000e98                TSC_IRQHandler
                0x08000e98                I2C1_IRQHandler
                0x08000e98                RCC_CRS_IRQHandler
                0x08000e98                SPI1_IRQHandler
                0x08000e98                EXTI2_3_IRQHandler
                0x08000e98                ADC1_IRQHandler
                0x08000e98                TIM17_IRQHandler
                0x08000e98                CEC_CAN_IRQHandler
                0x08000e98                RTC_IRQHandler
                0x08000e98                PVD_VDDIO2_IRQHandler
                0x08000e98                TIM16_IRQHandler
                0x08000e98                TIM3_IRQHandler
                0x08000e98                EXTI4_15_IRQHandler
                0x08000e98                DMA1_Channel1_IRQHandler
                0x08000e98                Default_Handler
                0x08000e98                TIM14_IRQHandler
                0x08000e98                DMA1_Channel4_5_IRQHandler
                0x08000e98                USB_IRQHandler
                0x08000e98                SPI2_IRQHandler
                0x08000e98                WWDG_IRQHandler
                0x08000e98                TIM2_IRQHandler
                0x08000e98                DMA1_Channel2_3_IRQHandler
                0x08000e98                USART2_IRQHandler
                0x08000e98                FLASH_IRQHandler
                0x08000e98                USART1_IRQHandler
                0x08000e98                TIM1_BRK_UP_TRG_COM_IRQHandler
 *fill*         0x08000e9a        0x2 
 .text.HAL_Init
                0x08000e9c       0x28 ./Drivers/STM32F0xx_HAL_Driver/Src/stm32f0xx_hal.o
                0x08000e9c                HAL_Init
 .text.HAL_InitTick
                0x08000ec4       0x68 ./Drivers/STM32F0xx_HAL_Driver/Src/stm32f0xx_hal.o
                0x08000ec4                HAL_InitTick
 .text.HAL_IncTick
                0x08000f2c       0x24 ./Drivers/STM32F0xx_HAL_Driver/Src/stm32f0xx_hal.o
                0x08000f2c                HAL_IncTick
 .text.HAL_GetTick
                0x08000f50       0x14 ./Drivers/STM32F0xx_HAL_Driver/Src/stm32f0xx_hal.o
                0x08000f50                HAL_GetTick
 .text.HAL_Delay
                0x08000f64       0x48 ./Drivers/STM32F0xx_HAL_Driver/Src/stm32f0xx_hal.o
                0x08000f64                HAL_Delay
 .text.__NVIC_EnableIRQ
                0x08000fac       0x34 ./Drivers/STM32F0xx_HAL_Driver/Src/stm32f0xx_hal_cortex.o
 .text.__NVIC_SetPriority
                0x08000fe0       0xdc ./Drivers/STM32F0xx_HAL_Driver/Src/stm32f0xx_hal_cortex.o
 .text.SysTick_Config
                0x080010bc       0x48 ./Drivers/STM32F0xx_HAL_Driver/Src/stm32f0xx_hal_cortex.o
 .text.HAL_NVIC_SetPriority
                0x08001104       0x2a ./Drivers/STM32F0xx_HAL_Driver/Src/stm32f0xx_hal_cortex.o
                0x08001104                HAL_NVIC_SetPriority
 .text.HAL_NVIC_EnableIRQ
                0x0800112e       0x20 ./Drivers/STM32F0xx_HAL_Driver/Src/stm32f0xx_hal_cortex.o
                0x0800112e                HAL_NVIC_EnableIRQ
 .text.HAL_SYSTICK_Config
                0x0800114e       0x1a ./Drivers/STM32F0xx_HAL_Driver/Src/stm32f0xx_hal_cortex.o
                0x0800114e                HAL_SYSTICK_Config
 .text.HAL_GPIO_Init
                0x08001168      0x2d0 ./Drivers/STM32F0xx_HAL_Driver/Src/stm32f0xx_hal_gpio.o
                0x08001168                HAL_GPIO_Init
 .text.HAL_GPIO_WritePin
                0x08001438       0x3a ./Drivers/STM32F0xx_HAL_Driver/Src/stm32f0xx_hal_gpio.o
                0x08001438                HAL_GPIO_WritePin
 .text.HAL_GPIO_TogglePin
                0x08001472       0x36 ./Drivers/STM32F0xx_HAL_Driver/Src/stm32f0xx_hal_gpio.o
                0x08001472                HAL_GPIO_TogglePin
 .text.HAL_GPIO_EXTI_IRQHandler
                0x080014a8       0x38 ./Drivers/STM32F0xx_HAL_Driver/Src/stm32f0xx_hal_gpio.o
                0x080014a8                HAL_GPIO_EXTI_IRQHandler
 .text.HAL_RCC_OscConfig
                0x080014e0      0x70c ./Drivers/STM32F0xx_HAL_Driver/Src/stm32f0xx_hal_rcc.o
                0x080014e0                HAL_RCC_OscConfig
 .text.HAL_RCC_ClockConfig
                0x08001bec      0x1b4 ./Drivers/STM32F0xx_HAL_Driver/Src/stm32f0xx_hal_rcc.o
                0x08001bec                HAL_RCC_ClockConfig
 .text.HAL_RCC_GetSysClockFreq
                0x08001da0       0xe4 ./Drivers/STM32F0xx_HAL_Driver/Src/stm32f0xx_hal_rcc.o
                0x08001da0                HAL_RCC_GetSysClockFreq
 .text.HAL_SPI_Init
                0x08001e84      0x170 ./Drivers/STM32F0xx_HAL_Driver/Src/stm32f0xx_hal_spi.o
                0x08001e84                HAL_SPI_Init
 .text.HAL_SPI_Transmit
                0x08001ff4      0x2be ./Drivers/STM32F0xx_HAL_Driver/Src/stm32f0xx_hal_spi.o
                0x08001ff4                HAL_SPI_Transmit
 *fill*         0x080022b2        0x2 
 .text.HAL_SPI_Receive
                0x080022b4      0x2a4 ./Drivers/STM32F0xx_HAL_Driver/Src/stm32f0xx_hal_spi.o
                0x080022b4                HAL_SPI_Receive
 .text.HAL_SPI_TransmitReceive
                0x08002558      0x3c4 ./Drivers/STM32F0xx_HAL_Driver/Src/stm32f0xx_hal_spi.o
                0x08002558                HAL_SPI_TransmitReceive
 .text.SPI_WaitFlagStateUntilTimeout
                0x0800291c      0x11c ./Drivers/STM32F0xx_HAL_Driver/Src/stm32f0xx_hal_spi.o
 .text.SPI_WaitFifoStateUntilTimeout
                0x08002a38      0x144 ./Drivers/STM32F0xx_HAL_Driver/Src/stm32f0xx_hal_spi.o
 .text.SPI_EndRxTransaction
                0x08002b7c       0xbc ./Drivers/STM32F0xx_HAL_Driver/Src/stm32f0xx_hal_spi.o
 .text.SPI_EndRxTxTransaction
                0x08002c38       0x8c ./Drivers/STM32F0xx_HAL_Driver/Src/stm32f0xx_hal_spi.o
 .text.memset   0x08002cc4       0x10 /home/frank/st/stm32cubeide_1.18.1/plugins/com.st.stm32cube.ide.mcu.externaltools.gnu-tools-for-stm32.13.3.rel1.linux64_1.0.0.202410170706/tools/bin/../lib/gcc/arm-none-eabi/13.3.1/../../../../arm-none-eabi/lib/thumb/v6-m/nofp/libc_nano.a(libc_a-memset.o)
                0x08002cc4                memset
 .text.strstr   0x08002cd4       0x2c /home/frank/st/stm32cubeide_1.18.1/plugins/com.st.stm32cube.ide.mcu.externaltools.gnu-tools-for-stm32.13.3.rel1.linux64_1.0.0.202410170706/tools/bin/../lib/gcc/arm-none-eabi/13.3.1/../../../../arm-none-eabi/lib/thumb/v6-m/nofp/libc_nano.a(libc_a-strstr.o)
                0x08002cd4                strstr
 .text.__libc_init_array
                0x08002d00       0x48 /home/frank/st/stm32cubeide_1.18.1/plugins/com.st.stm32cube.ide.mcu.externaltools.gnu-tools-for-stm32.13.3.rel1.linux64_1.0.0.202410170706/tools/bin/../lib/gcc/arm-none-eabi/13.3.1/../../../../arm-none-eabi/lib/thumb/v6-m/nofp/libc_nano.a(libc_a-init.o)
                0x08002d00                __libc_init_array
 *(.glue_7)
 .glue_7        0x08002d48        0x0 linker stubs
 *(.glue_7t)
 .glue_7t       0x08002d48        0x0 linker stubs
 *(.eh_frame)
 .eh_frame      0x08002d48        0x0 /home/frank/st/stm32cubeide_1.18.1/plugins/com.st.stm32cube.ide.mcu.externaltools.gnu-tools-for-stm32.13.3.rel1.linux64_1.0.0.202410170706/tools/bin/../lib/gcc/arm-none-eabi/13.3.1/thumb/v6-m/nofp/crtbegin.o
 *(.init)
 .init          0x08002d48        0x4 /home/frank/st/stm32cubeide_1.18.1/plugins/com.st.stm32cube.ide.mcu.externaltools.gnu-tools-for-stm32.13.3.rel1.linux64_1.0.0.202410170706/tools/bin/../lib/gcc/arm-none-eabi/13.3.1/thumb/v6-m/nofp/crti.o
                0x08002d48                _init
 .init          0x08002d4c        0x8 /home/frank/st/stm32cubeide_1.18.1/plugins/com.st.stm32cube.ide.mcu.externaltools.gnu-tools-for-stm32.13.3.rel1.linux64_1.0.0.202410170706/tools/bin/../lib/gcc/arm-none-eabi/13.3.1/thumb/v6-m/nofp/crtn.o
 *(.fini)
 .fini          0x08002d54        0x4 /home/frank/st/stm32cubeide_1.18.1/plugins/com.st.stm32cube.ide.mcu.externaltools.gnu-tools-for-stm32.13.3.rel1.linux64_1.0.0.202410170706/tools/bin/../lib/gcc/arm-none-eabi/13.3.1/thumb/v6-m/nofp/crti.o
                0x08002d54                _fini
 .fini          0x08002d58        0x8 /home/frank/st/stm32cubeide_1.18.1/plugins/com.st.stm32cube.ide.mcu.externaltools.gnu-tools-for-stm32.13.3.rel1.linux64_1.0.0.202410170706/tools/bin/../lib/gcc/arm-none-eabi/13.3.1/thumb/v6-m/nofp/crtn.o
                0x08002d60                        . = ALIGN (0x4)
                0x08002d60                        _etext = .

.vfp11_veneer   0x08002d60        0x0
 .vfp11_veneer  0x08002d60        0x0 linker stubs

.v4_bx          0x08002d60        0x0
 .v4_bx         0x08002d60        0x0 linker stubs

.iplt           0x08002d60        0x0
 .iplt          0x08002d60        0x0 /home/frank/st/stm32cubeide_1.18.1/plugins/com.st.stm32cube.ide.mcu.externaltools.gnu-tools-for-stm32.13.3.rel1.linux64_1.0.0.202410170706/tools/bin/../lib/gcc/arm-none-eabi/13.3.1/thumb/v6-m/nofp/crtbegin.o

.rodata         0x08002d60       0x40
                0x08002d60                        . = ALIGN (0x4)
 *(.rodata)
 .rodata        0x08002d60        0xf ./Core/Src/main.o
 *(.rodata*)
 *fill*         0x08002d6f        0x1 
 .rodata.AHBPrescTable
                0x08002d70       0x10 ./Core/Src/system_stm32f0xx.o
                0x08002d70                AHBPrescTable
 .rodata.aPLLMULFactorTable.1
                0x08002d80       0x10 ./Drivers/STM32F0xx_HAL_Driver/Src/stm32f0xx_hal_rcc.o
 .rodata.aPredivFactorTable.0
                0x08002d90       0x10 ./Drivers/STM32F0xx_HAL_Driver/Src/stm32f0xx_hal_rcc.o
                0x08002da0                        . = ALIGN (0x4)

.ARM.extab      0x08002da0        0x0
                0x08002da0                        . = ALIGN (0x4)
 *(.ARM.extab* .gnu.linkonce.armextab.*)
                0x08002da0                        . = ALIGN (0x4)

.ARM            0x08002da0        0x0
                0x08002da0                        . = ALIGN (0x4)
                0x08002da0                        __exidx_start = .
 *(.ARM.exidx*)
                0x08002da0                        __exidx_end = .
                0x08002da0                        . = ALIGN (0x4)

.preinit_array  0x08002da0        0x0
                0x08002da0                        . = ALIGN (0x4)
                0x08002da0                        PROVIDE (__preinit_array_start = .)
 *(.preinit_array*)
                0x08002da0                        PROVIDE (__preinit_array_end = .)
                0x08002da0                        . = ALIGN (0x4)

.init_array     0x08002da0        0x4
                0x08002da0                        . = ALIGN (0x4)
                0x08002da0                        PROVIDE (__init_array_start = .)
 *(SORT_BY_NAME(.init_array.*))
 *(.init_array*)
 .init_array    0x08002da0        0x4 /home/frank/st/stm32cubeide_1.18.1/plugins/com.st.stm32cube.ide.mcu.externaltools.gnu-tools-for-stm32.13.3.rel1.linux64_1.0.0.202410170706/tools/bin/../lib/gcc/arm-none-eabi/13.3.1/thumb/v6-m/nofp/crtbegin.o
                0x08002da4                        PROVIDE (__init_array_end = .)
                0x08002da4                        . = ALIGN (0x4)

.fini_array     0x08002da4        0x4
                0x08002da4                        . = ALIGN (0x4)
                [!provide]                        PROVIDE (__fini_array_start = .)
 *(SORT_BY_NAME(.fini_array.*))
 *(.fini_array*)
 .fini_array    0x08002da4        0x4 /home/frank/st/stm32cubeide_1.18.1/plugins/com.st.stm32cube.ide.mcu.externaltools.gnu-tools-for-stm32.13.3.rel1.linux64_1.0.0.202410170706/tools/bin/../lib/gcc/arm-none-eabi/13.3.1/thumb/v6-m/nofp/crtbegin.o
                [!provide]                        PROVIDE (__fini_array_end = .)
                0x08002da8                        . = ALIGN (0x4)
                0x08002da8                        _sidata = LOADADDR (.data)

.rel.dyn        0x08002da8        0x0
 .rel.iplt      0x08002da8        0x0 /home/frank/st/stm32cubeide_1.18.1/plugins/com.st.stm32cube.ide.mcu.externaltools.gnu-tools-for-stm32.13.3.rel1.linux64_1.0.0.202410170706/tools/bin/../lib/gcc/arm-none-eabi/13.3.1/thumb/v6-m/nofp/crtbegin.o

.data           0x20000000        0xc load address 0x08002da8
                0x20000000                        . = ALIGN (0x4)
                0x20000000                        _sdata = .
 *(.data)
 *(.data*)
 .data.SystemCoreClock
                0x20000000        0x4 ./Core/Src/system_stm32f0xx.o
                0x20000000                SystemCoreClock
 .data.uwTickPrio
                0x20000004        0x4 ./Drivers/STM32F0xx_HAL_Driver/Src/stm32f0xx_hal.o
                0x20000004                uwTickPrio
 .data.uwTickFreq
                0x20000008        0x1 ./Drivers/STM32F0xx_HAL_Driver/Src/stm32f0xx_hal.o
                0x20000008                uwTickFreq
 *(.RamFunc)
 *(.RamFunc*)
                0x2000000c                        . = ALIGN (0x4)
 *fill*         0x20000009        0x3 
                0x2000000c                        _edata = .

.igot.plt       0x2000000c        0x0 load address 0x08002db4
 .igot.plt      0x2000000c        0x0 /home/frank/st/stm32cubeide_1.18.1/plugins/com.st.stm32cube.ide.mcu.externaltools.gnu-tools-for-stm32.13.3.rel1.linux64_1.0.0.202410170706/tools/bin/../lib/gcc/arm-none-eabi/13.3.1/thumb/v6-m/nofp/crtbegin.o
                0x2000000c                        . = ALIGN (0x4)

.bss            0x2000000c       0xac load address 0x08002db4
                0x2000000c                        _sbss = .
                0x2000000c                        __bss_start__ = _sbss
 *(.bss)
 .bss           0x2000000c       0x1c /home/frank/st/stm32cubeide_1.18.1/plugins/com.st.stm32cube.ide.mcu.externaltools.gnu-tools-for-stm32.13.3.rel1.linux64_1.0.0.202410170706/tools/bin/../lib/gcc/arm-none-eabi/13.3.1/thumb/v6-m/nofp/crtbegin.o
 *(.bss*)
 .bss.door_status
                0x20000028        0x1 ./Core/Src/main.o
                0x20000028                door_status
 .bss.pending_door_status
                0x20000029        0x1 ./Core/Src/main.o
                0x20000029                pending_door_status
 *fill*         0x2000002a        0x2 
 .bss.rx_data   0x2000002c       0x20 ./Core/Src/main.o
                0x2000002c                rx_data
 .bss.motor_moving
                0x2000004c        0x1 ./Core/Src/main.o
                0x2000004c                motor_moving
 .bss.command_pending
                0x2000004d        0x1 ./Core/Src/main.o
                0x2000004d                command_pending
 *fill*         0x2000004e        0x2 
 .bss.hspi1     0x20000050       0x64 ./Core/Src/spi.o
                0x20000050                hspi1
 .bss.uwTick    0x200000b4        0x4 ./Drivers/STM32F0xx_HAL_Driver/Src/stm32f0xx_hal.o
                0x200000b4                uwTick
 *(COMMON)
                0x200000b8                        . = ALIGN (0x4)
                0x200000b8                        _ebss = .
                0x200000b8                        __bss_end__ = _ebss

._user_heap_stack
                0x200000b8      0x600 load address 0x08002db4
                0x200000b8                        . = ALIGN (0x8)
                [!provide]                        PROVIDE (end = .)
                0x200000b8                        PROVIDE (_end = .)
                0x200002b8                        . = (. + _Min_Heap_Size)
 *fill*         0x200000b8      0x200 
                0x200006b8                        . = (. + _Min_Stack_Size)
 *fill*         0x200002b8      0x400 
                0x200006b8                        . = ALIGN (0x8)

/DISCARD/
 libc.a(*)
 libm.a(*)
 libgcc.a(*)

.ARM.attributes
                0x00000000       0x28
 *(.ARM.attributes)
 .ARM.attributes
                0x00000000       0x1e /home/frank/st/stm32cubeide_1.18.1/plugins/com.st.stm32cube.ide.mcu.externaltools.gnu-tools-for-stm32.13.3.rel1.linux64_1.0.0.202410170706/tools/bin/../lib/gcc/arm-none-eabi/13.3.1/thumb/v6-m/nofp/crti.o
 .ARM.attributes
                0x0000001e       0x2c /home/frank/st/stm32cubeide_1.18.1/plugins/com.st.stm32cube.ide.mcu.externaltools.gnu-tools-for-stm32.13.3.rel1.linux64_1.0.0.202410170706/tools/bin/../lib/gcc/arm-none-eabi/13.3.1/thumb/v6-m/nofp/crtbegin.o
 .ARM.attributes
                0x0000004a       0x2c ./Core/Src/gpio.o
 .ARM.attributes
                0x00000076       0x2c ./Core/Src/linear_actuator_12vdc.o
 .ARM.attributes
                0x000000a2       0x2c ./Core/Src/main.o
 .ARM.attributes
                0x000000ce       0x2c ./Core/Src/nrf24l01p.o
 .ARM.attributes
                0x000000fa       0x2c ./Core/Src/spi.o
 .ARM.attributes
                0x00000126       0x2c ./Core/Src/stm32f0xx_hal_msp.o
 .ARM.attributes
                0x00000152       0x2c ./Core/Src/stm32f0xx_it.o
 .ARM.attributes
                0x0000017e       0x2c ./Core/Src/system_stm32f0xx.o
 .ARM.attributes
                0x000001aa       0x21 ./Core/Startup/startup_stm32f042k6tx.o
 .ARM.attributes
                0x000001cb       0x2c ./Drivers/STM32F0xx_HAL_Driver/Src/stm32f0xx_hal.o
 .ARM.attributes
                0x000001f7       0x2c ./Drivers/STM32F0xx_HAL_Driver/Src/stm32f0xx_hal_cortex.o
 .ARM.attributes
                0x00000223       0x2c ./Drivers/STM32F0xx_HAL_Driver/Src/stm32f0xx_hal_gpio.o
 .ARM.attributes
                0x0000024f       0x2c ./Drivers/STM32F0xx_HAL_Driver/Src/stm32f0xx_hal_rcc.o
 .ARM.attributes
                0x0000027b       0x2c ./Drivers/STM32F0xx_HAL_Driver/Src/stm32f0xx_hal_spi.o
 .ARM.attributes
                0x000002a7       0x2c /home/frank/st/stm32cubeide_1.18.1/plugins/com.st.stm32cube.ide.mcu.externaltools.gnu-tools-for-stm32.13.3.rel1.linux64_1.0.0.202410170706/tools/bin/../lib/gcc/arm-none-eabi/13.3.1/../../../../arm-none-eabi/lib/thumb/v6-m/nofp/libc_nano.a(libc_a-memset.o)
 .ARM.attributes
                0x000002d3       0x2c /home/frank/st/stm32cubeide_1.18.1/plugins/com.st.stm32cube.ide.mcu.externaltools.gnu-tools-for-stm32.13.3.rel1.linux64_1.0.0.202410170706/tools/bin/../lib/gcc/arm-none-eabi/13.3.1/../../../../arm-none-eabi/lib/thumb/v6-m/nofp/libc_nano.a(libc_a-strstr.o)
 .ARM.attributes
                0x000002ff       0x2c /home/frank/st/stm32cubeide_1.18.1/plugins/com.st.stm32cube.ide.mcu.externaltools.gnu-tools-for-stm32.13.3.rel1.linux64_1.0.0.202410170706/tools/bin/../lib/gcc/arm-none-eabi/13.3.1/../../../../arm-none-eabi/lib/thumb/v6-m/nofp/libc_nano.a(libc_a-init.o)
 .ARM.attributes
                0x0000032b       0x1e /home/frank/st/stm32cubeide_1.18.1/plugins/com.st.stm32cube.ide.mcu.externaltools.gnu-tools-for-stm32.13.3.rel1.linux64_1.0.0.202410170706/tools/bin/../lib/gcc/arm-none-eabi/13.3.1/thumb/v6-m/nofp/libgcc.a(_udivsi3.o)
 .ARM.attributes
                0x00000349       0x1e /home/frank/st/stm32cubeide_1.18.1/plugins/com.st.stm32cube.ide.mcu.externaltools.gnu-tools-for-stm32.13.3.rel1.linux64_1.0.0.202410170706/tools/bin/../lib/gcc/arm-none-eabi/13.3.1/thumb/v6-m/nofp/libgcc.a(_dvmd_tls.o)
 .ARM.attributes
                0x00000367       0x1e /home/frank/st/stm32cubeide_1.18.1/plugins/com.st.stm32cube.ide.mcu.externaltools.gnu-tools-for-stm32.13.3.rel1.linux64_1.0.0.202410170706/tools/bin/../lib/gcc/arm-none-eabi/13.3.1/thumb/v6-m/nofp/crtn.o
OUTPUT(chicken_coop_door_f042k6.elf elf32-littlearm)
LOAD linker stubs
LOAD /home/frank/st/stm32cubeide_1.18.1/plugins/com.st.stm32cube.ide.mcu.externaltools.gnu-tools-for-stm32.13.3.rel1.linux64_1.0.0.202410170706/tools/bin/../lib/gcc/arm-none-eabi/13.3.1/../../../../arm-none-eabi/lib/thumb/v6-m/nofp/libc.a
LOAD /home/frank/st/stm32cubeide_1.18.1/plugins/com.st.stm32cube.ide.mcu.externaltools.gnu-tools-for-stm32.13.3.rel1.linux64_1.0.0.202410170706/tools/bin/../lib/gcc/arm-none-eabi/13.3.1/../../../../arm-none-eabi/lib/thumb/v6-m/nofp/libm.a
LOAD /home/frank/st/stm32cubeide_1.18.1/plugins/com.st.stm32cube.ide.mcu.externaltools.gnu-tools-for-stm32.13.3.rel1.linux64_1.0.0.202410170706/tools/bin/../lib/gcc/arm-none-eabi/13.3.1/thumb/v6-m/nofp/libgcc.a

.debug_info     0x00000000     0x5721
 .debug_info    0x00000000      0x42c ./Core/Src/gpio.o
 .debug_info    0x0000042c      0x1ce ./Core/Src/linear_actuator_12vdc.o
 .debug_info    0x000005fa      0x4a9 ./Core/Src/main.o
 .debug_info    0x00000aa3      0xdc9 ./Core/Src/nrf24l01p.o
 .debug_info    0x0000186c      0x85d ./Core/Src/spi.o
 .debug_info    0x000020c9      0x199 ./Core/Src/stm32f0xx_hal_msp.o
 .debug_info    0x00002262      0x10c ./Core/Src/stm32f0xx_it.o
 .debug_info    0x0000236e      0x242 ./Core/Src/system_stm32f0xx.o
 .debug_info    0x000025b0       0x30 ./Core/Startup/startup_stm32f042k6tx.o
 .debug_info    0x000025e0      0x69d ./Drivers/STM32F0xx_HAL_Driver/Src/stm32f0xx_hal.o
 .debug_info    0x00002c7d      0x6a7 ./Drivers/STM32F0xx_HAL_Driver/Src/stm32f0xx_hal_cortex.o
 .debug_info    0x00003324      0x5a6 ./Drivers/STM32F0xx_HAL_Driver/Src/stm32f0xx_hal_gpio.o
 .debug_info    0x000038ca      0x83f ./Drivers/STM32F0xx_HAL_Driver/Src/stm32f0xx_hal_rcc.o
 .debug_info    0x00004109     0x1618 ./Drivers/STM32F0xx_HAL_Driver/Src/stm32f0xx_hal_spi.o

.debug_abbrev   0x00000000     0x1822
 .debug_abbrev  0x00000000      0x174 ./Core/Src/gpio.o
 .debug_abbrev  0x00000174      0x10b ./Core/Src/linear_actuator_12vdc.o
 .debug_abbrev  0x0000027f      0x26f ./Core/Src/main.o
 .debug_abbrev  0x000004ee      0x309 ./Core/Src/nrf24l01p.o
 .debug_abbrev  0x000007f7      0x1f2 ./Core/Src/spi.o
 .debug_abbrev  0x000009e9       0xc6 ./Core/Src/stm32f0xx_hal_msp.o
 .debug_abbrev  0x00000aaf       0xa0 ./Core/Src/stm32f0xx_it.o
 .debug_abbrev  0x00000b4f      0x11c ./Core/Src/system_stm32f0xx.o
 .debug_abbrev  0x00000c6b       0x24 ./Core/Startup/startup_stm32f042k6tx.o
 .debug_abbrev  0x00000c8f      0x247 ./Drivers/STM32F0xx_HAL_Driver/Src/stm32f0xx_hal.o
 .debug_abbrev  0x00000ed6      0x28c ./Drivers/STM32F0xx_HAL_Driver/Src/stm32f0xx_hal_cortex.o
 .debug_abbrev  0x00001162      0x1cb ./Drivers/STM32F0xx_HAL_Driver/Src/stm32f0xx_hal_gpio.o
 .debug_abbrev  0x0000132d      0x28c ./Drivers/STM32F0xx_HAL_Driver/Src/stm32f0xx_hal_rcc.o
 .debug_abbrev  0x000015b9      0x269 ./Drivers/STM32F0xx_HAL_Driver/Src/stm32f0xx_hal_spi.o

.debug_aranges  0x00000000      0x6f8
 .debug_aranges
                0x00000000       0x20 ./Core/Src/gpio.o
 .debug_aranges
                0x00000020       0x30 ./Core/Src/linear_actuator_12vdc.o
 .debug_aranges
                0x00000050       0x50 ./Core/Src/main.o
 .debug_aranges
                0x000000a0      0x130 ./Core/Src/nrf24l01p.o
 .debug_aranges
                0x000001d0       0x30 ./Core/Src/spi.o
 .debug_aranges
                0x00000200       0x20 ./Core/Src/stm32f0xx_hal_msp.o
 .debug_aranges
                0x00000220       0x48 ./Core/Src/stm32f0xx_it.o
 .debug_aranges
                0x00000268       0x28 ./Core/Src/system_stm32f0xx.o
 .debug_aranges
                0x00000290       0x28 ./Core/Startup/startup_stm32f042k6tx.o
 .debug_aranges
                0x000002b8       0xd0 ./Drivers/STM32F0xx_HAL_Driver/Src/stm32f0xx_hal.o
 .debug_aranges
                0x00000388       0xc0 ./Drivers/STM32F0xx_HAL_Driver/Src/stm32f0xx_hal_cortex.o
 .debug_aranges
                0x00000448       0x58 ./Drivers/STM32F0xx_HAL_Driver/Src/stm32f0xx_hal_gpio.o
 .debug_aranges
                0x000004a0       0x80 ./Drivers/STM32F0xx_HAL_Driver/Src/stm32f0xx_hal_rcc.o
 .debug_aranges
                0x00000520      0x1d8 ./Drivers/STM32F0xx_HAL_Driver/Src/stm32f0xx_hal_spi.o

.debug_rnglists
                0x00000000      0x522
 .debug_rnglists
                0x00000000       0x14 ./Core/Src/gpio.o
 .debug_rnglists
                0x00000014       0x1f ./Core/Src/linear_actuator_12vdc.o
 .debug_rnglists
                0x00000033       0x3a ./Core/Src/main.o
 .debug_rnglists
                0x0000006d       0xe0 ./Core/Src/nrf24l01p.o
 .debug_rnglists
                0x0000014d       0x20 ./Core/Src/spi.o
 .debug_rnglists
                0x0000016d       0x13 ./Core/Src/stm32f0xx_hal_msp.o
 .debug_rnglists
                0x00000180       0x31 ./Core/Src/stm32f0xx_it.o
 .debug_rnglists
                0x000001b1       0x1a ./Core/Src/system_stm32f0xx.o
 .debug_rnglists
                0x000001cb       0x1a ./Core/Startup/startup_stm32f042k6tx.o
 .debug_rnglists
                0x000001e5       0x97 ./Drivers/STM32F0xx_HAL_Driver/Src/stm32f0xx_hal.o
 .debug_rnglists
                0x0000027c       0x8c ./Drivers/STM32F0xx_HAL_Driver/Src/stm32f0xx_hal_cortex.o
 .debug_rnglists
                0x00000308       0x3f ./Drivers/STM32F0xx_HAL_Driver/Src/stm32f0xx_hal_gpio.o
 .debug_rnglists
                0x00000347       0x61 ./Drivers/STM32F0xx_HAL_Driver/Src/stm32f0xx_hal_rcc.o
 .debug_rnglists
                0x000003a8      0x17a ./Drivers/STM32F0xx_HAL_Driver/Src/stm32f0xx_hal_spi.o

.debug_macro    0x00000000    0x17fc1
 .debug_macro   0x00000000      0x1c8 ./Core/Src/gpio.o
 .debug_macro   0x000001c8      0xaae ./Core/Src/gpio.o
 .debug_macro   0x00000c76      0x12d ./Core/Src/gpio.o
 .debug_macro   0x00000da3       0x2e ./Core/Src/gpio.o
 .debug_macro   0x00000dd1       0x22 ./Core/Src/gpio.o
 .debug_macro   0x00000df3       0x22 ./Core/Src/gpio.o
 .debug_macro   0x00000e15       0x8e ./Core/Src/gpio.o
 .debug_macro   0x00000ea3       0x51 ./Core/Src/gpio.o
 .debug_macro   0x00000ef4      0x103 ./Core/Src/gpio.o
 .debug_macro   0x00000ff7       0x6a ./Core/Src/gpio.o
 .debug_macro   0x00001061      0x1df ./Core/Src/gpio.o
 .debug_macro   0x00001240       0x1c ./Core/Src/gpio.o
 .debug_macro   0x0000125c       0x22 ./Core/Src/gpio.o
 .debug_macro   0x0000127e       0xaf ./Core/Src/gpio.o
 .debug_macro   0x0000132d      0x391 ./Core/Src/gpio.o
 .debug_macro   0x000016be     0xf209 ./Core/Src/gpio.o
 .debug_macro   0x000108c7       0x66 ./Core/Src/gpio.o
 .debug_macro   0x0001092d     0x34da ./Core/Src/gpio.o
 .debug_macro   0x00013e07      0x190 ./Core/Src/gpio.o
 .debug_macro   0x00013f97       0x55 ./Core/Src/gpio.o
 .debug_macro   0x00013fec      0x946 ./Core/Src/gpio.o
 .debug_macro   0x00014932      0x46b ./Core/Src/gpio.o
 .debug_macro   0x00014d9d      0x1ae ./Core/Src/gpio.o
 .debug_macro   0x00014f4b      0x130 ./Core/Src/gpio.o
 .debug_macro   0x0001507b      0x199 ./Core/Src/gpio.o
 .debug_macro   0x00015214      0x1ed ./Core/Src/gpio.o
 .debug_macro   0x00015401       0x34 ./Core/Src/gpio.o
 .debug_macro   0x00015435       0x43 ./Core/Src/gpio.o
 .debug_macro   0x00015478       0x28 ./Core/Src/gpio.o
 .debug_macro   0x000154a0       0xb0 ./Core/Src/gpio.o
 .debug_macro   0x00015550      0x182 ./Core/Src/gpio.o
 .debug_macro   0x000156d2      0x22c ./Core/Src/gpio.o
 .debug_macro   0x000158fe       0x61 ./Core/Src/gpio.o
 .debug_macro   0x0001595f       0xa5 ./Core/Src/gpio.o
 .debug_macro   0x00015a04       0x4c ./Core/Src/gpio.o
 .debug_macro   0x00015a50      0x15b ./Core/Src/gpio.o
 .debug_macro   0x00015bab      0x2fe ./Core/Src/gpio.o
 .debug_macro   0x00015ea9      0x12e ./Core/Src/gpio.o
 .debug_macro   0x00015fd7       0x82 ./Core/Src/gpio.o
 .debug_macro   0x00016059      0x1c8 ./Core/Src/linear_actuator_12vdc.o
 .debug_macro   0x00016221      0x2ca ./Core/Src/main.o
 .debug_macro   0x000164eb       0x22 ./Core/Src/main.o
 .debug_macro   0x0001650d      0x124 ./Core/Src/main.o
 .debug_macro   0x00016631       0x61 ./Core/Src/main.o
 .debug_macro   0x00016692       0x24 ./Core/Src/main.o
 .debug_macro   0x000166b6       0x43 ./Core/Src/main.o
 .debug_macro   0x000166f9       0x34 ./Core/Src/main.o
 .debug_macro   0x0001672d      0x370 ./Core/Src/main.o
 .debug_macro   0x00016a9d       0x16 ./Core/Src/main.o
 .debug_macro   0x00016ab3       0x4a ./Core/Src/main.o
 .debug_macro   0x00016afd       0x34 ./Core/Src/main.o
 .debug_macro   0x00016b31       0x10 ./Core/Src/main.o
 .debug_macro   0x00016b41       0x58 ./Core/Src/main.o
 .debug_macro   0x00016b99       0x8e ./Core/Src/main.o
 .debug_macro   0x00016c27       0x1c ./Core/Src/main.o
 .debug_macro   0x00016c43      0x185 ./Core/Src/main.o
 .debug_macro   0x00016dc8       0x10 ./Core/Src/main.o
 .debug_macro   0x00016dd8       0x3c ./Core/Src/main.o
 .debug_macro   0x00016e14       0x20 ./Core/Src/main.o
 .debug_macro   0x00016e34      0x1e0 ./Core/Src/nrf24l01p.o
 .debug_macro   0x00017014      0x1c8 ./Core/Src/spi.o
 .debug_macro   0x000171dc      0x1be ./Core/Src/stm32f0xx_hal_msp.o
 .debug_macro   0x0001739a      0x1c8 ./Core/Src/stm32f0xx_it.o
 .debug_macro   0x00017562      0x1af ./Core/Src/system_stm32f0xx.o
 .debug_macro   0x00017711      0x1d3 ./Drivers/STM32F0xx_HAL_Driver/Src/stm32f0xx_hal.o
 .debug_macro   0x000178e4      0x1af ./Drivers/STM32F0xx_HAL_Driver/Src/stm32f0xx_hal_cortex.o
 .debug_macro   0x00017a93      0x1b6 ./Drivers/STM32F0xx_HAL_Driver/Src/stm32f0xx_hal_gpio.o
 .debug_macro   0x00017c49      0x1c1 ./Drivers/STM32F0xx_HAL_Driver/Src/stm32f0xx_hal_rcc.o
 .debug_macro   0x00017e0a      0x1b7 ./Drivers/STM32F0xx_HAL_Driver/Src/stm32f0xx_hal_spi.o

.debug_line     0x00000000     0x8908
 .debug_line    0x00000000      0x6b9 ./Core/Src/gpio.o
 .debug_line    0x000006b9      0x6e5 ./Core/Src/linear_actuator_12vdc.o
 .debug_line    0x00000d9e      0x9a4 ./Core/Src/main.o
 .debug_line    0x00001742      0xad6 ./Core/Src/nrf24l01p.o
 .debug_line    0x00002218      0x70d ./Core/Src/spi.o
 .debug_line    0x00002925      0x690 ./Core/Src/stm32f0xx_hal_msp.o
 .debug_line    0x00002fb5      0x705 ./Core/Src/stm32f0xx_it.o
 .debug_line    0x000036ba      0x718 ./Core/Src/system_stm32f0xx.o
 .debug_line    0x00003dd2       0x8d ./Core/Startup/startup_stm32f042k6tx.o
 .debug_line    0x00003e5f      0x90f ./Drivers/STM32F0xx_HAL_Driver/Src/stm32f0xx_hal.o
 .debug_line    0x0000476e      0x9b7 ./Drivers/STM32F0xx_HAL_Driver/Src/stm32f0xx_hal_cortex.o
 .debug_line    0x00005125      0xa61 ./Drivers/STM32F0xx_HAL_Driver/Src/stm32f0xx_hal_gpio.o
 .debug_line    0x00005b86      0xe54 ./Drivers/STM32F0xx_HAL_Driver/Src/stm32f0xx_hal_rcc.o
 .debug_line    0x000069da     0x1f2e ./Drivers/STM32F0xx_HAL_Driver/Src/stm32f0xx_hal_spi.o

.debug_str      0x00000000    0x86dc9
 .debug_str     0x00000000    0x86dc9 ./Core/Src/gpio.o
                              0x81ef9 (size before relaxing)
 .debug_str     0x00086dc9    0x81cbe ./Core/Src/linear_actuator_12vdc.o
 .debug_str     0x00086dc9    0x85723 ./Core/Src/main.o
 .debug_str     0x00086dc9    0x82a93 ./Core/Src/nrf24l01p.o
 .debug_str     0x00086dc9    0x82157 ./Core/Src/spi.o
 .debug_str     0x00086dc9    0x81c5a ./Core/Src/stm32f0xx_hal_msp.o
 .debug_str     0x00086dc9    0x81c82 ./Core/Src/stm32f0xx_it.o
 .debug_str     0x00086dc9    0x81af0 ./Core/Src/system_stm32f0xx.o
 .debug_str     0x00086dc9       0x8d ./Core/Startup/startup_stm32f042k6tx.o
 .debug_str     0x00086dc9    0x820a2 ./Drivers/STM32F0xx_HAL_Driver/Src/stm32f0xx_hal.o
 .debug_str     0x00086dc9    0x81e93 ./Drivers/STM32F0xx_HAL_Driver/Src/stm32f0xx_hal_cortex.o
 .debug_str     0x00086dc9    0x81c91 ./Drivers/STM32F0xx_HAL_Driver/Src/stm32f0xx_hal_gpio.o
 .debug_str     0x00086dc9    0x81f37 ./Drivers/STM32F0xx_HAL_Driver/Src/stm32f0xx_hal_rcc.o
 .debug_str     0x00086dc9    0x82460 ./Drivers/STM32F0xx_HAL_Driver/Src/stm32f0xx_hal_spi.o

.comment        0x00000000       0x43
 .comment       0x00000000       0x43 ./Core/Src/gpio.o
                                 0x44 (size before relaxing)
 .comment       0x00000043       0x44 ./Core/Src/linear_actuator_12vdc.o
 .comment       0x00000043       0x44 ./Core/Src/main.o
 .comment       0x00000043       0x44 ./Core/Src/nrf24l01p.o
 .comment       0x00000043       0x44 ./Core/Src/spi.o
 .comment       0x00000043       0x44 ./Core/Src/stm32f0xx_hal_msp.o
 .comment       0x00000043       0x44 ./Core/Src/stm32f0xx_it.o
 .comment       0x00000043       0x44 ./Core/Src/system_stm32f0xx.o
 .comment       0x00000043       0x44 ./Drivers/STM32F0xx_HAL_Driver/Src/stm32f0xx_hal.o
 .comment       0x00000043       0x44 ./Drivers/STM32F0xx_HAL_Driver/Src/stm32f0xx_hal_cortex.o
 .comment       0x00000043       0x44 ./Drivers/STM32F0xx_HAL_Driver/Src/stm32f0xx_hal_gpio.o
 .comment       0x00000043       0x44 ./Drivers/STM32F0xx_HAL_Driver/Src/stm32f0xx_hal_rcc.o
 .comment       0x00000043       0x44 ./Drivers/STM32F0xx_HAL_Driver/Src/stm32f0xx_hal_spi.o

.debug_frame    0x00000000     0x1718
 .debug_frame   0x00000000       0x30 ./Core/Src/gpio.o
 .debug_frame   0x00000030       0x64 ./Core/Src/linear_actuator_12vdc.o
 .debug_frame   0x00000094       0xe4 ./Core/Src/main.o
 .debug_frame   0x00000178      0x46c ./Core/Src/nrf24l01p.o
 .debug_frame   0x000005e4       0x6c ./Core/Src/spi.o
 .debug_frame   0x00000650       0x30 ./Core/Src/stm32f0xx_hal_msp.o
 .debug_frame   0x00000680       0xb8 ./Core/Src/stm32f0xx_it.o
 .debug_frame   0x00000738       0x4c ./Core/Src/system_stm32f0xx.o
 .debug_frame   0x00000784      0x2a4 ./Drivers/STM32F0xx_HAL_Driver/Src/stm32f0xx_hal.o
 .debug_frame   0x00000a28      0x2a0 ./Drivers/STM32F0xx_HAL_Driver/Src/stm32f0xx_hal_cortex.o
 .debug_frame   0x00000cc8      0x110 ./Drivers/STM32F0xx_HAL_Driver/Src/stm32f0xx_hal_gpio.o
 .debug_frame   0x00000dd8      0x198 ./Drivers/STM32F0xx_HAL_Driver/Src/stm32f0xx_hal_rcc.o
 .debug_frame   0x00000f70      0x710 ./Drivers/STM32F0xx_HAL_Driver/Src/stm32f0xx_hal_spi.o
 .debug_frame   0x00001680       0x20 /home/frank/st/stm32cubeide_1.18.1/plugins/com.st.stm32cube.ide.mcu.externaltools.gnu-tools-for-stm32.13.3.rel1.linux64_1.0.0.202410170706/tools/bin/../lib/gcc/arm-none-eabi/13.3.1/../../../../arm-none-eabi/lib/thumb/v6-m/nofp/libc_nano.a(libc_a-memset.o)
 .debug_frame   0x000016a0       0x2c /home/frank/st/stm32cubeide_1.18.1/plugins/com.st.stm32cube.ide.mcu.externaltools.gnu-tools-for-stm32.13.3.rel1.linux64_1.0.0.202410170706/tools/bin/../lib/gcc/arm-none-eabi/13.3.1/../../../../arm-none-eabi/lib/thumb/v6-m/nofp/libc_nano.a(libc_a-strstr.o)
 .debug_frame   0x000016cc       0x2c /home/frank/st/stm32cubeide_1.18.1/plugins/com.st.stm32cube.ide.mcu.externaltools.gnu-tools-for-stm32.13.3.rel1.linux64_1.0.0.202410170706/tools/bin/../lib/gcc/arm-none-eabi/13.3.1/../../../../arm-none-eabi/lib/thumb/v6-m/nofp/libc_nano.a(libc_a-init.o)
 .debug_frame   0x000016f8       0x20 /home/frank/st/stm32cubeide_1.18.1/plugins/com.st.stm32cube.ide.mcu.externaltools.gnu-tools-for-stm32.13.3.rel1.linux64_1.0.0.202410170706/tools/bin/../lib/gcc/arm-none-eabi/13.3.1/thumb/v6-m/nofp/libgcc.a(_udivsi3.o)

.debug_line_str
                0x00000000       0x71
 .debug_line_str
                0x00000000       0x71 ./Core/Startup/startup_stm32f042k6tx.o
